// Jest Snapshot v1, https://goo.gl/fbAQLP

exports[`writes feed 1`] = `"<?xml version=\\"1.0\\" encoding=\\"utf-8\\"?><feed xmlns=\\"http://www.w3.org/2005/Atom\\"><id>http:&#x2F;&#x2F;feed.com</id><title>Feed Title</title><subtitle>Feed Subtitle</subtitle><author><name>Bob</name><email>bob@test.com</email></author><entry><id>id</id><title type=\\"text\\">title</title><updated>1973-03-15T00:00:00.000Z</updated><published>1973-03-15T00:00:00.000Z</published><author><name>Fred</name><email>fred@his-house.com</email></author><content type=\\"text\\">content</content><summary type=\\"html\\">&lt;p&gt;summary&lt;&#x2F;p&gt;</summary></entry><entry><id>id2</id><title type=\\"text\\">Title 2</title><updated>1973-03-15T00:00:00.000Z</updated><published>1973-03-15T00:00:00.000Z</published><content type=\\"text\\">content</content><summary type=\\"html\\">&lt;p&gt;summary&lt;&#x2F;p&gt;</summary></entry></feed>"`;
